src/components/features/donor/Calendar.tsx(1,15): error TS2459: Module '"../../../services/campaignService"' declares 'Campaign' locally, but it is not exported.
src/components/features/donor/CampaignList/CampaignList.tsx(2,32): error TS2459: Module '"../../../../services/campaignService"' declares 'Campaign' locally, but it is not exported.
src/components/features/donor/CampaignProgressChart.tsx(3,15): error TS2459: Module '"../../../services/campaignService"' declares 'Campaign' locally, but it is not exported.
src/components/features/donor/CampaignProgressChart.tsx(54,16): error TS7006: Parameter 't' implicitly has an 'any' type.
src/components/features/donor/CampaignProgressChart.tsx(249,69): error TS7006: Parameter 'type' implicitly has an 'any' type.
src/components/features/donor/CampaignProgressChart.tsx(249,75): error TS7006: Parameter 'idx' implicitly has an 'any' type.
src/components/features/donor/EnrollCampaignModal.tsx(2,15): error TS2459: Module '"../../../services/campaignService"' declares 'Campaign' locally, but it is not exported.
src/components/features/hospital/CalendarSection/CalendarSection.tsx(3,15): error TS2459: Module '"../../../../services/campaignService"' declares 'Campaign' locally, but it is not exported.
src/components/features/hospital/CampaignsList/CampaignsList.tsx(3,15): error TS2459: Module '"../../../../services/campaignService"' declares 'Campaign' locally, but it is not exported.
src/components/features/hospital/CampaignsList/CampaignsList.tsx(100,81): error TS7006: Parameter 'type' implicitly has an 'any' type.
src/components/features/hospital/CampaignsList/CampaignsList.tsx(100,87): error TS7006: Parameter 'idx' implicitly has an 'any' type.
src/components/features/hospital/CreateCampaignModal/CreateCampaignModal.tsx(3,32): error TS2459: Module '"../../../../services/campaignService"' declares 'CampaignFormData' locally, but it is not exported.
src/components/features/hospital/CreateCampaignModal/CreateCampaignModal.tsx(59,25): error TS7006: Parameter 'prev' implicitly has an 'any' type.
src/components/features/hospital/CreateCampaignModal/CreateCampaignModal.tsx(61,25): error TS7006: Parameter 'prev' implicitly has an 'any' type.
src/components/features/hospital/CreateCampaignModal/CreateCampaignModal.tsx(77,25): error TS7006: Parameter 'prev' implicitly has an 'any' type.
src/components/features/hospital/CreateCampaignModal/CreateCampaignModal.tsx(84,25): error TS7006: Parameter 'prev' implicitly has an 'any' type.
src/components/features/hospital/DeleteCampaignModal/DeleteCampaignModal.tsx(3,15): error TS2459: Module '"../../../../services/campaignService"' declares 'Campaign' locally, but it is not exported.
src/components/features/hospital/EditCampaignModal/EditCampaignModal.tsx(4,32): error TS2459: Module '"../../../../services/campaignService"' declares 'CampaignFormData' locally, but it is not exported.
src/components/features/hospital/EditCampaignModal/EditCampaignModal.tsx(4,55): error TS2459: Module '"../../../../services/campaignService"' declares 'Campaign' locally, but it is not exported.
src/components/features/hospital/EditCampaignModal/EditCampaignModal.tsx(38,22): error TS7006: Parameter 'bt' implicitly has an 'any' type.
src/components/features/hospital/EditCampaignModal/EditCampaignModal.tsx(39,25): error TS7006: Parameter 'bt' implicitly has an 'any' type.
src/components/features/hospital/EditCampaignModal/EditCampaignModal.tsx(85,25): error TS7006: Parameter 'prev' implicitly has an 'any' type.
src/components/features/hospital/EditCampaignModal/EditCampaignModal.tsx(87,25): error TS7006: Parameter 'prev' implicitly has an 'any' type.
src/components/features/hospital/StatsChartsSection/StatsChartsSection.tsx(5,15): error TS2459: Module '"../../../../services/campaignService"' declares 'Campaign' locally, but it is not exported.
src/hooks/useDonorDashboard.ts(4,32): error TS2459: Module '"../services/campaignService"' declares 'Campaign' locally, but it is not exported.
src/hooks/useDonorDashboard.ts(178,71): error TS7006: Parameter 't' implicitly has an 'any' type.
src/hooks/useHospitalDashboard.ts(6,32): error TS2459: Module '"../services/campaignService"' declares 'Campaign' locally, but it is not exported.
src/hooks/useHospitalDashboard.ts(107,69): error TS6133: 'message' is declared but its value is never read.
src/pages/AdminDashboard/AdminDashboard.tsx(11,15): error TS2305: Module '"../../services/adminService"' has no exported member 'BloodDonor'.
src/pages/AdminDashboard/AdminDashboard.tsx(11,27): error TS2305: Module '"../../services/adminService"' has no exported member 'Hospital'.
src/pages/AdminDashboard/AdminDashboard.tsx(11,37): error TS2305: Module '"../../services/adminService"' has no exported member 'Appointment'.
src/pages/AdminDashboard/AdminDashboard.tsx(11,50): error TS2305: Module '"../../services/adminService"' has no exported member 'Campaign'.
src/pages/AdminDashboard/components/modals/EditAppointmentModal.tsx(3,15): error TS2305: Module '"../../../../services/adminService"' has no exported member 'Appointment'.
src/pages/AdminDashboard/components/modals/EditCampaignModal.tsx(3,15): error TS2305: Module '"../../../../services/adminService"' has no exported member 'Campaign'.
src/pages/AdminDashboard/components/modals/EditDonorModal.tsx(3,15): error TS2305: Module '"../../../../services/adminService"' has no exported member 'BloodDonor'.
src/pages/AdminDashboard/components/modals/EditHospitalModal.tsx(3,15): error TS2305: Module '"../../../../services/adminService"' has no exported member 'Hospital'.
src/pages/AdminDashboard/hooks/useAdminData.ts(6,29): error TS2305: Module '"../../../services/adminService"' has no exported member 'BloodDonor'.
src/pages/AdminDashboard/hooks/useAdminData.ts(6,46): error TS2305: Module '"../../../services/adminService"' has no exported member 'Hospital'.
src/pages/AdminDashboard/hooks/useAdminData.ts(6,61): error TS2305: Module '"../../../services/adminService"' has no exported member 'Appointment'.
src/pages/AdminDashboard/hooks/useAdminData.ts(6,103): error TS2305: Module '"../../../services/adminService"' has no exported member 'Campaign'.
src/pages/AdminDashboard/hooks/useAdminWebSocket.ts(5,15): error TS2305: Module '"../../../services/adminService"' has no exported member 'BloodDonor'.
src/pages/AdminDashboard/hooks/useAdminWebSocket.ts(5,27): error TS2305: Module '"../../../services/adminService"' has no exported member 'Hospital'.
src/pages/AdminDashboard/hooks/useAdminWebSocket.ts(5,37): error TS2305: Module '"../../../services/adminService"' has no exported member 'Appointment'.
src/pages/AdminDashboard/hooks/useAdminWebSocket.ts(5,50): error TS2305: Module '"../../../services/adminService"' has no exported member 'Campaign'.
src/pages/BloodDonorFullCrudPage/BloodDonorCrudPage.tsx(42,31): error TS2339: Property 'data' does not exist on type 'BloodDonor[]'.
