
> blood4life-frontend@0.0.0 test
> vitest --run


[1m[46m RUN [49m[22m [36mv4.0.15 [39m[90mE:/blood4life/frontend[39m

 [31mÔØ»[39m src/utils/__tests__/validation.test.ts [2m([22m[2m22 tests[22m[2m | [22m[31m1 failed[39m[2m | [22m[33m1 skipped[39m[2m)[22m[32m 15[2mms[22m[39m
       [32mÔ£ô[39m debe devolver string vac├¡o para un email v├ílido[32m 1[2mms[22m[39m
       [32mÔ£ô[39m debe devolver error si el email est├í vac├¡o[32m 0[2mms[22m[39m
       [32mÔ£ô[39m debe devolver error si el formato es inv├ílido[32m 0[2mms[22m[39m
       [32mÔ£ô[39m debe devolver error si contiene espacios[32m 0[2mms[22m[39m
[31m       [31m├ù[31m debe devolver error si el dominio es demasiado corto[39m[32m 7[2mms[22m[39m
       [2m[90mÔåô[39m[22m debe devolver error si excede 100 caracteres
       [32mÔ£ô[39m debe validar un DNI correcto[32m 0[2mms[22m[39m
       [32mÔ£ô[39m debe fallar si est├í vac├¡o[32m 0[2mms[22m[39m
       [32mÔ£ô[39m debe fallar si el formato no es 8 n├║meros y 1 letra[32m 0[2mms[22m[39m
       [32mÔ£ô[39m para la contrase├▒a "Password123!" debe devolver ""[32m 0[2mms[22m[39m
       [32mÔ£ô[39m para la contrase├▒a "short" debe devolver "La contrase├▒a debe tener al menos 8 caracteres"[32m 0[2mms[22m[39m
       [32mÔ£ô[39m para la contrase├▒a "nouppercase123!" debe devolver "Debe contener al menos una may├║scula"[32m 0[2mms[22m[39m
       [32mÔ£ô[39m para la contrase├▒a "NOLOWERCASE123!" debe devolver "Debe contener al menos una min├║scula"[32m 0[2mms[22m[39m
       [32mÔ£ô[39m para la contrase├▒a "NoDigit!" debe devolver "Debe contener al menos un n├║mero"[32m 0[2mms[22m[39m
       [32mÔ£ô[39m para la contrase├▒a "Password 123" debe devolver "No puede contener espacios"[32m 0[2mms[22m[39m
       [32mÔ£ô[39m para el CP "28001" debe devolver ""[32m 0[2mms[22m[39m
       [32mÔ£ô[39m para el CP "08001" debe devolver ""[32m 0[2mms[22m[39m
       [32mÔ£ô[39m para el CP "52001" debe devolver ""[32m 0[2mms[22m[39m
       [32mÔ£ô[39m para el CP "00100" debe devolver "C├│digo postal no v├ílido (debe estar entre 01000 y 52999)"[32m 0[2mms[22m[39m
       [32mÔ£ô[39m para el CP "53000" debe devolver "C├│digo postal no v├ílido (debe estar entre 01000 y 52999)"[32m 0[2mms[22m[39m
       [32mÔ£ô[39m para el CP "123" debe devolver "El c├│digo postal debe tener exactamente 5 d├¡gitos"[32m 0[2mms[22m[39m
       [32mÔ£ô[39m para el CP "11111" debe devolver "C├│digo postal no v├ílido"[32m 0[2mms[22m[39m
 [32mÔ£ô[39m src/components/common/ui/ThemeToggle/ThemeToggle.test.tsx [2m([22m[2m3 tests[22m[2m)[22m[32m 58[2mms[22m[39m
 [32mÔ£ô[39m src/components/features/donor/CampaignList/CampaignList.test.tsx [2m([22m[2m3 tests[22m[2m)[22m[32m 169[2mms[22m[39m
npm : [90mstderr[2m | 
src/components/features/auth/LoginForm/LoginForm.test.tsx[2m > 
[22m[2mLoginForm (Componente de 
Autenticaci├│n/Interacci├│n)[2m > [22m[2mdebe mostrar mensaje 
de error si el login falla
En línea: 1 Carácter: 1
+ npm test -- --run > test_output.txt 2>&1
+ ~~~~~~~~~~~~~~~~~~~~~~~~~~~~~~~~~~~~~~~~
    + CategoryInfo          : NotSpecified: ([90mstderr[2m...  
   el login falla:String) [], RemoteException
    + FullyQualifiedErrorId : NativeCommandError
 
[22m[39mError: Unauthorized
    at E:/blood4life/frontend/src/components/features/auth/LoginF
orm/LoginForm.test.tsx:76:56
    at [90mfile:///E:/blood4life/frontend/[39mnode_modules/[4m
@vitest[24m/runner/dist/index.js:145:11
    at [90mfile:///E:/blood4life/frontend/[39mnode_modules/[4m
@vitest[24m/runner/dist/index.js:915:26
    at [90mfile:///E:/blood4life/frontend/[39mnode_modules/[4m
@vitest[24m/runner/dist/index.js:1240:20
    at new Promise (<anonymous>)
    at runWithTimeout [90m(file:///E:/blood4life/frontend/[39mn
ode_modules/[4m@vitest[24m/runner/dist/index.js:1206:10[90m)[
39m
    at [90mfile:///E:/blood4life/frontend/[39mnode_modules/[4m
@vitest[24m/runner/dist/index.js:1650:37
    at Traces.$ [90m(file:///E:/blood4life/frontend/[39mnode_mo
dules/[4mvitest[24m/dist/chunks/traces.U4xDYhzZ.js:115:27[90m)
[39m
    at trace [90m(file:///E:/blood4life/frontend/[39mnode_modul
es/[4mvitest[24m/dist/chunks/test.BT8LKgU9.js:239:21[90m)[39m
    at runTest [90m(file:///E:/blood4life/frontend/[39mnode_mod
ules/[4m@vitest[24m/runner/dist/index.js:1650:12[90m)[39m

 [32mÔ£ô[39m src/components/features/auth/LoginForm/LoginForm.test.tsx [2m([22m[2m3 tests[22m[2m)[22m[32m 233[2mms[22m[39m
[90mstdout[2m | src/tests/integration/campaign.flow.test.tsx[2m > [22m[2mFlujo CRUD de Campa├▒as (Integraci├│n)[2m > [22m[2mdebe crear una campa├▒a y verificar que el token se incluye en el header
[22m[39m­ƒöù Connecting to WebSocket: http://localhost:3000/ws

[90mstderr[2m | 
src/tests/integration/campaign.flow.test.tsx[2m > 
[22m[2mFlujo CRUD de Campa├▒as (Integraci├│n)[2m > 
[22m[2mdebe crear una campa├▒a y verificar que el token se 
incluye en el header
[22m[39mreact-i18next:: useTranslation: You will need to pass 
in an i18next instance by using initReactI18next { code: 
[32m'NO_I18NEXT_INSTANCE'[39m }

[90mstdout[2m | src/tests/integration/campaign.flow.test.tsx[2m > [22m[2mFlujo CRUD de Campa├▒as (Integraci├│n)[2m > [22m[2mdebe crear una campa├▒a y verificar que el token se incluye en el header
[22m[39m­ƒöî WebSocket disconnected

[90mstdout[2m | src/tests/integration/campaign.flow.test.tsx[2m > [22m[2mFlujo CRUD de Campa├▒as (Integraci├│n)[2m > [22m[2mdebe manejar errores 401 (No autorizado) visualmente
[22m[39m­ƒöù Connecting to WebSocket: http://localhost:3000/ws

[90mstderr[2m | 
src/tests/integration/campaign.flow.test.tsx[2m > 
[22m[2mFlujo CRUD de Campa├▒as (Integraci├│n)[2m > 
[22m[2mdebe manejar errores 401 (No autorizado) visualmente
[22m[39mÔØî WebSocket connection error: Event { type: 
[32m'error'[39m }

[90mstderr[2m | 
src/tests/integration/campaign.flow.test.tsx[2m > 
[22m[2mFlujo CRUD de Campa├▒as (Integraci├│n)[2m > 
[22m[2mdebe manejar errores 401 (No autorizado) visualmente
[22m[39mFailed to connect to WebSocket: Event { type: 
[32m'error'[39m }

[90mstderr[2m | src/tests/Header.test.tsx[2m > 
[22m[2mHeader Component[2m > [22m[2mmuestra logo e 'Inicio' 
cuando est├í en /register
[22m[39mreact-i18next:: useTranslation: You will need to pass 
in an i18next instance by using initReactI18next { code: 
[32m'NO_I18NEXT_INSTANCE'[39m }

[90mstderr[2m | 
src/tests/integration/campaign.flow.test.tsx[2m > 
[22m[2mFlujo CRUD de Campa├▒as (Integraci├│n)[2m > 
[22m[2mdebe manejar errores 401 (No autorizado) visualmente
[22m[39mAxiosError: Network Error
    at XMLHttpRequest.handleError [90m(file:///E:/blood4life/fro
ntend/[39mnode_modules/[4maxios[24m/lib/adapters/xhr.js:112:20
[90m)[39m
    at XMLHttpRequest.invokeTheCallbackFunction [90m(E:\blood4li
fe\frontend\[39mnode_modules\[4mjsdom[24m\lib\jsdom\living\gen
erated\EventHandlerNonNull.js:14:28[90m)[39m
    at XMLHttpRequest.<anonymous> [90m(E:\blood4life\frontend\[
39mnode_modules\[4mjsdom[24m\lib\jsdom\living\helpers\create-ev
ent-accessor.js:36:32[90m)[39m
    at innerInvokeEventListeners [90m(E:\blood4life\frontend\[3
9mnode_modules\[4mjsdom[24m\lib\jsdom\living\events\EventTarget
-impl.js:360:16[90m)[39m
    at invokeEventListeners [90m(E:\blood4life\frontend\[39mnod
e_modules\[4mjsdom[24m\lib\jsdom\living\events\EventTarget-impl
.js:296:3[90m)[39m
    at XMLHttpRequestImpl._dispatch [90m(E:\blood4life\frontend\
[39mnode_modules\[4mjsdom[24m\lib\jsdom\living\events\EventTar
get-impl.js:243:9[90m)[39m
    at fireAnEvent [90m(E:\blood4life\frontend\[39mnode_modules
\[4mjsdom[24m\lib\jsdom\living\helpers\events.js:18:36[90m)[3
9m
    at requestErrorSteps [90m(E:\blood4life\frontend\[39mnode_m
odules\[4mjsdom[24m\lib\jsdom\living\xhr\xhr-utils.js:123:3[90
m)[39m
    at Object.dispatchError [90m(E:\blood4life\frontend\[39mnod
e_modules\[4mjsdom[24m\lib\jsdom\living\xhr\xhr-utils.js:59:3[
90m)[39m
    at Request.<anonymous> [90m(E:\blood4life\frontend\[39mnode
_modules\[4mjsdom[24m\lib\jsdom\living\xhr\XMLHttpRequest-impl.
js:655:18[90m)[39m
    at Axios.request [90m(file:///E:/blood4life/frontend/[39mno
de_modules/[4maxios[24m/lib/core/Axios.js:45:41[90m)[39m
[90m    at processTicksAndRejections 
(node:internal/process/task_queues:95:5)[39m
    at Object.getStats 
(E:/blood4life/frontend/src/services/dashboardService.ts:30:26)
    at async Promise.all (index 0)
    at fetchData (E:/blood4life/frontend/src/pages/AdminDashboard
/AdminDashboard.tsx:122:93) {
  code: [32m'ERR_NETWORK'[39m,
  config: {
    transitional: {
      silentJSONParsing: [33mtrue[39m,
      forcedJSONParsing: [33mtrue[39m,
      clarifyTimeoutError: [33mfalse[39m
    },
    adapter: [ [32m'xhr'[39m, [32m'http'[39m, 
[32m'fetch'[39m ],
    transformRequest: [ [36m[Function: transformRequest][39m ],
    transformResponse: [ [36m[Function: transformResponse][39m 
],
    timeout: [33m0[39m,
    xsrfCookieName: [32m'XSRF-TOKEN'[39m,
    xsrfHeaderName: [32m'X-XSRF-TOKEN'[39m,
    maxContentLength: [33m-1[39m,
    maxBodyLength: [33m-1[39m,
    env: { FormData: [36m[Function [FormData]][39m, Blob: 
[36m[class Blob][39m },
    validateStatus: [36m[Function: validateStatus][39m,
    headers: Object [AxiosHeaders] {
      Accept: [32m'application/json, text/plain, */*'[39m,
      [32m'Content-Type'[39m: [90mundefined[39m
    },
    baseURL: [32m'http://localhost:8080/api'[39m,
    withCredentials: [33mtrue[39m,
    maxRedirects: [33m0[39m,
    method: [32m'get'[39m,
    url: [32m'http://localhost:8080/api/dashboard/stats'[39m,
    allowAbsoluteUrls: [33mtrue[39m,
    data: [90mundefined[39m
  },
  request: XMLHttpRequest {},
  event: ProgressEvent { isTrusted: [36m[Getter][39m }
}

[90mstderr[2m | 
src/tests/integration/campaign.flow.test.tsx[2m > 
[22m[2mFlujo CRUD de Campa├▒as (Integraci├│n)[2m > 
[22m[2mdebe manejar errores 401 (No autorizado) visualmente
[22m[39mAxiosError: Network Error
    at XMLHttpRequest.handleError [90m(file:///E:/blood4life/fro
ntend/[39mnode_modules/[4maxios[24m/lib/adapters/xhr.js:112:20
[90m)[39m
    at XMLHttpRequest.invokeTheCallbackFunction [90m(E:\blood4li
fe\frontend\[39mnode_modules\[4mjsdom[24m\lib\jsdom\living\gen
erated\EventHandlerNonNull.js:14:28[90m)[39m
    at XMLHttpRequest.<anonymous> [90m(E:\blood4life\frontend\[
39mnode_modules\[4mjsdom[24m\lib\jsdom\living\helpers\create-ev
ent-accessor.js:36:32[90m)[39m
    at innerInvokeEventListeners [90m(E:\blood4life\frontend\[3
9mnode_modules\[4mjsdom[24m\lib\jsdom\living\events\EventTarget
-impl.js:360:16[90m)[39m
    at invokeEventListeners [90m(E:\blood4life\frontend\[39mnod
e_modules\[4mjsdom[24m\lib\jsdom\living\events\EventTarget-impl
.js:296:3[90m)[39m
    at XMLHttpRequestImpl._dispatch [90m(E:\blood4life\frontend\
[39mnode_modules\[4mjsdom[24m\lib\jsdom\living\events\EventTar
get-impl.js:243:9[90m)[39m
    at fireAnEvent [90m(E:\blood4life\frontend\[39mnode_modules
\[4mjsdom[24m\lib\jsdom\living\helpers\events.js:18:36[90m)[3
9m
    at requestErrorSteps [90m(E:\blood4life\frontend\[39mnode_m
odules\[4mjsdom[24m\lib\jsdom\living\xhr\xhr-utils.js:123:3[90
m)[39m
    at Object.dispatchError [90m(E:\blood4life\frontend\[39mnod
e_modules\[4mjsdom[24m\lib\jsdom\living\xhr\xhr-utils.js:59:3[
90m)[39m
    at Request.<anonymous> [90m(E:\blood4life\frontend\[39mnode
_modules\[4mjsdom[24m\lib\jsdom\living\xhr\XMLHttpRequest-impl.
js:655:18[90m)[39m
    at Axios.request [90m(file:///E:/blood4life/frontend/[39mno
de_modules/[4maxios[24m/lib/core/Axios.js:45:41[90m)[39m
[90m    at processTicksAndRejections 
(node:internal/process/task_queues:95:5)[39m
    at Object.getStats 
(E:/blood4life/frontend/src/services/dashboardService.ts:30:26)
    at async Promise.all (index 0)
    at fetchData (E:/blood4life/frontend/src/pages/AdminDashboard
/AdminDashboard.tsx:122:93) {
  code: [32m'ERR_NETWORK'[39m,
  config: {
    transitional: {
      silentJSONParsing: [33mtrue[39m,
      forcedJSONParsing: [33mtrue[39m,
      clarifyTimeoutError: [33mfalse[39m
    },
    adapter: [ [32m'xhr'[39m, [32m'http'[39m, 
[32m'fetch'[39m ],
    transformRequest: [ [36m[Function: transformRequest][39m ],
    transformResponse: [ [36m[Function: transformResponse][39m 
],
    timeout: [33m0[39m,
    xsrfCookieName: [32m'XSRF-TOKEN'[39m,
    xsrfHeaderName: [32m'X-XSRF-TOKEN'[39m,
    maxContentLength: [33m-1[39m,
    maxBodyLength: [33m-1[39m,
    env: { FormData: [36m[Function [FormData]][39m, Blob: 
[36m[class Blob][39m },
    validateStatus: [36m[Function: validateStatus][39m,
    headers: Object [AxiosHeaders] {
      Accept: [32m'application/json, text/plain, */*'[39m,
      [32m'Content-Type'[39m: [90mundefined[39m
    },
    baseURL: [32m'http://localhost:8080/api'[39m,
    withCredentials: [33mtrue[39m,
    maxRedirects: [33m0[39m,
    method: [32m'get'[39m,
    url: [32m'http://localhost:8080/api/dashboard/stats'[39m,
    allowAbsoluteUrls: [33mtrue[39m,
    data: [90mundefined[39m
 [31mÔØ»[39m src/tests/Header.test.tsx [2m([22m[2m5 tests[22m[2m | [22m[31m5 failed[39m[2m)[22m[32m 31[2mms[22m[39m
[31m     [31m├ù[31m muestra logo e 'Inicio' cuando est├í en /register[39m[32m 22[2mms[22m[39m
[31m     [31m├ù[31m muestra botones Iniciar sesi├│n y Registrarse en /index[39m[32m 2[2mms[22m[39m
[31m     [31m├ù[31m muestra solo bot├│n Inicio en /login[39m[32m 2[2mms[22m[39m
[31m     [31m├ù[31m muestra el header especial del dashboard[39m[32m 2[2mms[22m[39m
[31m     [31m├ù[31m muestra los botones de inicio de sesi├│n en la ruta ra├¡z /[39m[32m 2[2mms[22m[39m
[90mstdout[2m | src/tests/integration/campaign.flow.test.tsx[2m > [22m[2mFlujo CRUD de Campa├▒as (Integraci├│n)[2m > [22m[2mdebe manejar errores 401 (No autorizado) visualmente
[22m[39m­ƒöî WebSocket disconnected

 [31mÔØ»[39m src/tests/integration/campaign.flow.test.tsx [2m([22m[2m2 tests[22m[2m | [22m[31m1 failed[39m[2m)[22m[32m 106[2mms[22m[39m
[31m     [31m├ù[31m debe crear una campa├▒a y verificar que el token se incluye en el header[39m[32m 66[2mms[22m[39m
     [32mÔ£ô[39m debe manejar errores 401 (No autorizado) visualmente[32m 38[2mms[22m[39m
  },
  request: XMLHttpRequest {},
  event: ProgressEvent { isTrusted: [36m[Getter][39m }
}

 [31mÔØ»[39m src/tests/integration/auth.flow.test.tsx [2m([22m[2m1 test[22m[2m | [22m[31m1 failed[39m[2m)[22m[32m 16[2mms[22m[39m
[31m     [31m├ù[31m debe completar el flujo de login y logout correctamente[39m[32m 15[2mms[22m[39m

[31mÔÄ»ÔÄ»ÔÄ»ÔÄ»ÔÄ»ÔÄ»ÔÄ»[39m[1m[41m Failed Tests 8 
[49m[22m[31mÔÄ»ÔÄ»ÔÄ»ÔÄ»ÔÄ»ÔÄ»ÔÄ»[39m

[41m[1m FAIL [22m[49m src/tests/Header.test.tsx[2m > 
[22mHeader Component[2m > [22mmuestra logo e 'Inicio' cuando 
est├í en /register
[41m[1m FAIL [22m[49m src/tests/Header.test.tsx[2m > 
[22mHeader Component[2m > [22mmuestra botones Iniciar sesi├│n 
y Registrarse en /index
[41m[1m FAIL [22m[49m src/tests/Header.test.tsx[2m > 
[22mHeader Component[2m > [22mmuestra solo bot├│n Inicio en 
/login
[41m[1m FAIL [22m[49m src/tests/Header.test.tsx[2m > 
[22mHeader Component[2m > [22mmuestra el header especial del 
dashboard
[41m[1m FAIL [22m[49m src/tests/Header.test.tsx[2m > 
[22mHeader Component[2m > [22mmuestra los botones de inicio 
de sesi├│n en la ruta ra├¡z /
[31m[1mError[22m: useAuth must be used within an 
AuthProvider[39m
[36m [2mÔØ»[22m useAuth 
src/context/AuthContext.tsx:[2m136:11[22m[39m
    [90m134| [39m  [35mconst[39m context [33m=[39m 
[34museContext[39m([33mAuthContext[39m)[33m;[39m
    [90m135| [39m  [35mif[39m (context [33m===[39m 
undefined) {
    [90m136| [39m    [35mthrow[39m [35mnew[39m 
[33mError[39m([32m'useAuth must be used within an 
AuthProvider'[39m)[33m;[39m
    [90m   | [39m          [31m^[39m
    [90m137| [39m  }
    [90m138| [39m  [35mreturn[39m context[33m;[39m
[90m [2mÔØ»[22m Header 
src/components/layout/Header/Header.tsx:[2m16:55[22m[39m
[90m [2mÔØ»[22m Object.react_stack_bottom_frame node_modules/r
eact-dom/cjs/react-dom-client.development.js:[2m25904:20[22m[3
9m
[90m [2mÔØ»[22m renderWithHooks node_modules/react-dom/cjs/rea
ct-dom-client.development.js:[2m7662:22[22m[39m
[90m [2mÔØ»[22m updateFunctionComponent node_modules/react-dom
/cjs/react-dom-client.development.js:[2m10166:19[22m[39m
[90m [2mÔØ»[22m beginWork node_modules/react-dom/cjs/react-dom
-client.development.js:[2m11778:18[22m[39m
[90m [2mÔØ»[22m runWithFiberInDEV node_modules/react-dom/cjs/r
eact-dom-client.development.js:[2m874:13[22m[39m
[90m [2mÔØ»[22m performUnitOfWork node_modules/react-dom/cjs/r
eact-dom-client.development.js:[2m17641:22[22m[39m
[90m [2mÔØ»[22m workLoopSync node_modules/react-dom/cjs/react-
dom-client.development.js:[2m17469:41[22m[39m
[90m [2mÔØ»[22m renderRootSync node_modules/react-dom/cjs/reac
t-dom-client.development.js:[2m17450:11[22m[39m

[31m[2mÔÄ»ÔÄ»ÔÄ»ÔÄ»ÔÄ»ÔÄ»ÔÄ»ÔÄ»ÔÄ»ÔÄ»ÔÄ»ÔÄ»ÔÄ»ÔÄ»ÔÄ»ÔÄ»ÔÄ»ÔÄ»ÔÄ
»ÔÄ»ÔÄ»ÔÄ»ÔÄ»ÔÄ»[1/8]ÔÄ»[22m[39m

[41m[1m FAIL [22m[49m 
src/tests/integration/auth.flow.test.tsx[2m > [22mFlujo de 
Autenticaci├│n (Integraci├│n)[2m > [22mdebe completar el flujo 
de login y logout correctamente
[31m[1mTypeError[22m: window.matchMedia is not a function[39m
[36m [2mÔØ»[22m 
src/context/ThemeContext.tsx:[2m19:23[22m[39m
    [90m 17| [39m        }
    [90m 18| [39m        // Si no hay preferencia guardada, 
usar la preferencia del sisÔÇª
    [90m 19| [39m        return 
window.matchMedia('(prefers-color-scheme: dark)').matchÔÇª
    [90m   | [39m                      [31m^[39m
    [90m 20| [39m    })[33m;[39m
    [90m 21| [39m
[90m [2mÔØ»[22m mountStateImpl node_modules/react-dom/cjs/reac
t-dom-client.development.js:[2m8268:24[22m[39m
[90m [2mÔØ»[22m mountState node_modules/react-dom/cjs/react-do
m-client.development.js:[2m8289:22[22m[39m
[90m [2mÔØ»[22m Object.useState node_modules/react-dom/cjs/rea
ct-dom-client.development.js:[2m26243:18[22m[39m
[90m [2mÔØ»[22m process.env.NODE_ENV.exports.useState 
node_modules/react/cjs/react.development.js:[2m1263:34[22m[39m
[90m [2mÔØ»[22m ThemeProvider 
src/context/ThemeContext.tsx:[2m12:41[22m[39m
[90m [2mÔØ»[22m Object.react_stack_bottom_frame node_modules/r
eact-dom/cjs/react-dom-client.development.js:[2m25904:20[22m[3
9m
[90m [2mÔØ»[22m renderWithHooks node_modules/react-dom/cjs/rea
ct-dom-client.development.js:[2m7662:22[22m[39m
[90m [2mÔØ»[22m updateFunctionComponent node_modules/react-dom
/cjs/react-dom-client.development.js:[2m10166:19[22m[39m
[90m [2mÔØ»[22m beginWork node_modules/react-dom/cjs/react-dom
-client.development.js:[2m11778:18[22m[39m

[31m[2mÔÄ»ÔÄ»ÔÄ»ÔÄ»ÔÄ»ÔÄ»ÔÄ»ÔÄ»ÔÄ»ÔÄ»ÔÄ»ÔÄ»ÔÄ»ÔÄ»ÔÄ»ÔÄ»ÔÄ»ÔÄ»ÔÄ
»ÔÄ»ÔÄ»ÔÄ»ÔÄ»ÔÄ»[2/8]ÔÄ»[22m[39m

[41m[1m FAIL [22m[49m 
src/tests/integration/campaign.flow.test.tsx[2m > [22mFlujo 
CRUD de Campa├▒as (Integraci├│n)[2m > [22mdebe crear una 
campa├▒a y verificar que el token se incluye en el header
[31m[1mTestingLibraryElementError[22m: Unable to find an 
element with the text: /dashboard.admin.tabs.campaigns/i. This 
could be because the text is broken up by multiple elements. In 
this case, you can provide a function for your text matcher to 
make your matcher more flexible.

Ignored nodes: comments, script, style
[36m<body>[31m
  [36m<div>[31m
    [36m<div[31m
      [33mclass[31m=[32m"flex items-center justify-center 
min-h-screen bg-gray-100 dark:bg-gray-900"[31m
    [36m>[31m
      [36m<div[31m
        [33mclass[31m=[32m"text-xl font-semibold 
text-gray-600 dark:text-gray-300"[31m
      [36m>[31m
        [0mdashboard.admin.loading[0m
      [36m</div>[31m
    [36m</div>[31m
  [36m</div>[31m
[36m</body>[31m[39m
[90m [2mÔØ»[22m Object.getElementError node_modules/@testing-l
ibrary/dom/dist/config.js:[2m37:19[22m[39m
[90m [2mÔØ»[22m node_modules/@testing-library/dom/dist/query-h
elpers.js:[2m76:38[22m[39m
[90m [2mÔØ»[22m node_modules/@testing-library/dom/dist/query-h
elpers.js:[2m52:17[22m[39m
[90m [2mÔØ»[22m node_modules/@testing-library/dom/dist/query-h
elpers.js:[2m95:19[22m[39m
[36m [2mÔØ»[22m 
src/tests/integration/campaign.flow.test.tsx:[2m42:32[22m[39m
    [90m 40| [39m
    [90m 41| [39m        [90m// Cambiar a pesta├▒a de 
campa├▒as[39m
    [90m 42| [39m        
fireEvent.click(screen.getByText(/dashboard.admin.tabs.campaigÔÇª
    [90m   | [39m                               [31m^[39m
    [90m 43| [39m
    [90m 44| [39m        // Supongamos que hay un bot├│n 
"Crear Campa├▒a" (voy a simular ÔÇª

[31m[2mÔÄ»ÔÄ»ÔÄ»ÔÄ»ÔÄ»ÔÄ»ÔÄ»ÔÄ»ÔÄ»ÔÄ»ÔÄ»ÔÄ»ÔÄ»ÔÄ»ÔÄ»ÔÄ»ÔÄ»ÔÄ»ÔÄ
»ÔÄ»ÔÄ»ÔÄ»ÔÄ»ÔÄ»[3/8]ÔÄ»[22m[39m

[41m[1m FAIL [22m[49m 
src/utils/__tests__/validation.test.ts[2m > [22mValidation 
Utils - Unit Tests[2m > [22mvalidateEmail[2m > [22mdebe 
devolver error si el dominio es demasiado corto
[31m[1mAssertionError[22m: expected 'El formato del email no 
es v├ílido' to be 'El dominio del email es demasiado corÔÇª' // 
Object.is equality[39m

Expected: [32m"El [7mdomini[27mo del email es [7mdemasiado 
cort[27mo"[39m
Received: [31m"El [7mformat[27mo del email [7mno [27mes 
[7mv├ílid[27mo"[39m

[36m [2mÔØ»[22m 
src/utils/__tests__/validation.test.ts:[2m34:44[22m[39m
    [90m 32| [39m
    [90m 33| [39m        it('debe devolver error si el dominio 
es demasiado corto', () ÔÇª
    [90m 34| [39m            
expect(validateEmail('a@b.c')).toBe('El dominio del email ÔÇª
    [90m   | [39m                                           
[31m^[39m
    [90m 35| [39m        })[33m;[39m
    [90m 36| [39m

[31m[2mÔÄ»ÔÄ»ÔÄ»ÔÄ»ÔÄ»ÔÄ»ÔÄ»ÔÄ»ÔÄ»ÔÄ»ÔÄ»ÔÄ»ÔÄ»ÔÄ»ÔÄ»ÔÄ»ÔÄ»ÔÄ»ÔÄ
»ÔÄ»ÔÄ»ÔÄ»ÔÄ»ÔÄ»[4/8]ÔÄ»[22m[39m


[2m Test Files [22m [1m[31m4 failed[39m[22m[2m | [22m[1m[32m3 passed[39m[22m[90m (7)[39m
[2m      Tests [22m [1m[31m8 failed[39m[22m[2m | [22m[1m[32m30 passed[39m[22m[2m | [22m[33m1 skipped[39m[90m (39)[39m
[2m   Start at [22m 10:25:38
[2m   Duration [22m 3.31s[2m (transform 1.18s, setup 2.68s, import 3.91s, tests 628ms, environment 6.33s)[22m

